Test skill is working